    tts  dc0b48416be76379  'April eleven, nineteen fifty-five. An Air India airliner, th'
seg_00  built     61.48s  COLD OPEN
    tts  f94d0aa11ecf0445  "Kaow's inquiry took him across Asia — Hong Kong, Singapore, "
seg_01  built     48.06s  THE PLANE MEANT FOR ZHOU
    tts  9ec05b8f11eb18f9  'He was born in बनारस, now वाराणसी, on May ten, nineteen eigh'
    tts  c6a6f448c424cafa  'There he became a protector of leaders. He ran security for '
    tts  b66b03d41eb9cc73  'By nineteen fifty-eight India trusted him with something unu'
    tts  e0671664a0645a28  'He was, by every account, courteous and soft-spoken. Former '
seg_02  built     71.27s  THE POLICEMAN
    tts  40275b5161a43810  "Then came nineteen sixty-two. China's army crossed into Indi"
    tts  ce584685970c2011  'काव was given the job of seeing further. He became the first'
    tts  aceac44c2d2c5f88  'It was not yet an agency. But it was the first building bloc'
    tts  06ae8ed731a30131  'After the nineteen sixty-five war with पाकिस्तान, Prime Mini'
    tts  c8bd29a3f5ffeb1b  'It began with roughly two hundred fifty people and a budget '
    tts  8b170f35ac95c4fb  'Inside the service, they came to be known as the "Kaow-boys.'
seg_03  built     67.98s  FROM NOTHING
    tts  c4cc46de6f67bcee  "Kaow's real talent was people. He recruited beyond the usual"
    tts  a6245739e8757c08  'Inside the service, discretion was everything.'
    tts  9d0c6dc4232e7b2b  'Few of its officers were ever named in public.'
    tts  2e9265209625ef57  'Foreign services noticed. Former Joint Intelligence Committe'
    tts  4a0b9bd9edf84e5a  'A war that would redraw the map.'
seg_04  built     45.92s  THE KAOBOYS
    tts  2aae24181ba63e2e  'In January nineteen seventy-one, काव sent a twenty-five-page'
    tts  a61440d1611034fe  "Pakistan's dictator, काव was saying, might start a war."
    tts  3c2bc5be0babf0a7  'Weeks later, an Indian Airlines plane was hijacked from श्री'
    tts  c6825778546ecfba  'Not a shot had been fired.'
    tts  c7d4f33267f30c23  "On the night of March twenty-five, Pakistan's army launched "
    tts  a106ed9ff27d445c  'Three weeks later, a बांग्लादेश government-in-exile was form'
    tts  7c4c04ec93db0c93  "R and A W's teams there were led by P.N. बनर्जी, with Kaow's"
    tts  9e7a113d65750590  "By winter, Pakistan's army in the east was fighting a war it"
    tts  a1b1a06f5f8d8d56  "On December three, Pakistan's air force struck Indian airfie"
    tts  331585bd64af1dcd  "India struck back. Thirteen days later, in ढाका, Pakistan's "
    tts  a71331b47709a751  'A new country, बांग्लादेश, was born.'
    tts  4f784a1b37abcde3  "Years afterwards, according to The Print, Bangladesh's futur"
seg_05  built    103.45s  THE NOTE
    tts  3e5609503dd889d1  'In late nineteen seventy-two, इंदिरा गांधी showed काव a lett'
    tts  a98f3244a5ca82ee  '"Can you do something about this?"'
    tts  071320491a269414  'काव asked for two weeks. He came back in ten days, with a ye'
    tts  881ee84f72eeed55  "What followed was politics, not war. Sikkim's people had lon"
    tts  c7a43cbad74bb975  "Critics called it an annexation. Sikkim's voters had called "
seg_06  built     50.29s  TEN DAYS
    tts  95334a9573523d47  'Intelligence only works if leaders listen. In nineteen seven'
    tts  1eef683f3bf774f1  'Mujeeb did not act on it. On August fifteen, nineteen sevent'
    tts  a84a5f9a1e9b7fc3  "Two years later, it was Kaow's own service that paid for a l"
    tts  55665c06f2133961  'An inquiry later cleared him of wrongdoing, according to The'
    tts  0337015da06e6137  'Twenty-nine years after the कश्मीर Princess, he was back whe'
seg_07  built     70.91s  THE COST OF TRUST
    tts  b1f08fbd20f52e5f  'काव died in दिल्ली on January twenty, two thousand two. He w'
    tts  6bbf552697fd0a9a  'Some of his papers remain restricted, on his own instruction'
    tts  df48015f6f7fc84e  'Abroad, his peers knew exactly who he was. The head of Frenc'
    tts  d25b6a7952754a94  'Almost nothing. His first full biography, by नितिन गोखले, ap'
    tts  81ecd58032e28e8f  'Today R and A W holds a memorial lecture in his name every y'
    tts  f56f98ea1d6d245f  'The most famous Indian spy is still a man most Indians would'
seg_08  built     47.38s  THE MAN NOBODY PHOTOGRAPHED
    tts  b40d8e3e084d06a6  'In nineteen fifty-five, one police officer found the men who'
    tts  f562625a74d988bd  'Almost none of it carries his face.'
    tts  3b03f7e05562a27b  'That was the point. A spy who is seen has already failed. R.'
    tts  0bc2b164d8d79339  'He left almost no picture of himself.'
    tts  645138a8bc796dbe  'Just the map he helped redraw.'
seg_09  built     32.51s  CLOSING
narration total: 10.0 min
    tts  0d51ae6d6d8ab544  "A bomb brings down an airliner meant for China's Premier. ने"
    tts  d9ce251e2cae97e3  "Thirteen years later, that officer builds India's foreign in"
    tts  70db5843314a5bd6  "He warns that Pakistan's dictator may start a war. Thirteen "
    tts  750ab2fd3dd69d2f  'RAW Files, Episode One. Now on The Sisodia Files.'
teaser narration built: 25.6s, 5 beats
     0.0s  1955
     6.9s  THE FOUNDER
    12.0s  1971
    18.4s  THE MAN NOBODY PHOTOGRAPHED
    21.2s  THE SPYMASTER
