    tts  7df3e697d8c0f62c  'December 31, 1999. कंधार, Afghanistan. An Indian minister st'
    tts  ed5f7013b6245f5c  'A few hours later, the hostages on a hijacked Indian airline'
    tts  73a51d9971767248  'Within weeks, one of them founds a new militant group. It wi'
    tts  59164157ad257544  'The deal brought every remaining hostage home alive.'
    tts  2ab5d27a55c2fb1f  'So how does a decision that saved so many end up costing so '
    tts  f1dc6b4967859561  'Everything here comes from the public record — the official '
    tts  7f71aab0d54ed1f7  'It begins, like most storms, with something small.'
seg_00  built     53.72s  COLD OPEN
    tts  7a3964bdd4f247be  'Christmas Eve, 1999. Indian Airlines Flight 814, an Airbus A'
    tts  2e37f56f47a2a855  'Shortly before five in the evening, inside Indian airspace, '
    tts  a8aa62651f279b17  'They belong to हरकत-उल-मुजाहिदीन, a Pakistan-based militant '
    tts  530eb3287cd2c2a1  'According to the official account, the plane lands at अमृतसर'
    tts  e491b5a3526f47dd  "It isn't. Angry at the delay in refuelling, the hijackers st"
    tts  2295c3f324e86eeb  'लाहौर. Then Dubai, where 27 passengers are let go. With them'
    tts  e90f9e9b076b5af5  'He is the only hostage who will not come home.'
    tts  3db22f0924a1e789  'On Christmas morning, the plane lands in कंधार — in a countr'
    tts  a899cc179d1c5bdc  'India has no embassy there, and no relations with the men wh'
    tts  3345be80a5061a9c  'Now the only question is the price.'
seg_01  built     76.48s  SEVEN DAYS
    tts  fc31e4ebb8e94e15  'The first demands were enormous. Thirty-six prisoners from I'
    tts  c7b78726314a59de  'Over six days on the tarmac, with the Taliban as go-between,'
    tts  8ecf5c8b4b227eaf  'In the end it came down to three names. मौलाना मसूद अज़हर. A'
    tts  316dd14999b0c64d  'On December 31, External Affairs Minister जसवंत सिंह flew to'
    tts  a35e18530e194071  'None of them was arrested.'
    tts  cc7af99c4c97b3e9  'India had bought back its citizens.'
    tts  fbe8ab4aa1f57797  'The bill would arrive in instalments.'
seg_02  built     51.95s  THE PRICE
    tts  27d217a72e0e36ad  'मसूद अज़हर was a Pakistani cleric and a senior figure in हरक'
    tts  fbdcf39f6217c074  "His name was at the top of the hijackers' list for a reason."
    tts  5efb9b005dbe499a  'It was not the first attempt to free him. In 1995, militants'
    tts  8b9f0ce85850ac84  'That time, India refused.'
    tts  59005b550d64e665  'In 1999, it did not. Within weeks of कंधार, Azhar founded a '
    tts  6da56a60e37a51a6  'Its name would soon be attached to some of the worst attacks'
seg_03  built     48.94s  THE CLERIC
    tts  064f21c74b6e27a2  "December 13, 2001. Gunmen storm India's Parliament in New दि"
    tts  af498765b088dce0  'What followed was the largest military build-up on the subco'
    tts  4b84ea49aaf68f0b  'Two nuclear-armed neighbours stood face to face for ten mont'
    tts  42e36e77933cf66a  "The standoff eased only after पाकिस्तान's president, Pervez "
    tts  7e88037e03be3730  'Two years after the runway, the group founded by one of the '
seg_04  built     49.02s  THE STANDOFF
    tts  e67fef466c46b10e  'Omar Sheikh was born in Britain. He studied at the London Sc'
    tts  1db5b4b7728a9df3  'Then, in 1994, he was arrested in India over the kidnapping '
    tts  847073a7a3728627  'After कंधार, he surfaced in पाकिस्तान. In January 2002, Dani'
    tts  d99f4fecacfa71e7  'A Pakistani anti-terrorism court convicted Sheikh that year '
    tts  66666967307af1e6  'According to the Committee to Protect Journalists, he was mo'
seg_05  built     54.18s  THE STUDENT
    tts  bf0da9a2fe9935f6  'The third man is the least known. मुश्ताक़ अहमद ज़रगर is fro'
    tts  c92c62377680feb4  'After कंधार, he did not reappear in the headlines. He went t'
    tts  92d802b9e7600baf  'Twenty-two years after the runway, he was still at it.'
seg_06  built     35.26s  THE RECRUITER
    tts  453828699d79715e  'जैश-ए-मोहम्मद never went away. In January 2016, attackers hi'
    tts  e6cf5ebca017aaa1  'जैश-ए-मोहम्मद claimed it.'
    tts  f0af793f49affc73  'Twelve days later, Indian jets struck what India said was a '
    tts  d745fc871ab41033  'For the second time, an attack blamed on the group Azhar fou'
    tts  dc3e4b8e99a2eb5c  'At the United Nations, India had spent a decade trying to li'
    tts  0f1da5d3c2409def  'The listing came almost twenty years after the runway.'
seg_07  built     64.50s  PULWAMA TO BALAKOT
    tts  95d88e67f211cf1c  'The butterfly effect comes from weather science. A tiny chan'
    tts  5d4231e4e63e1dfe  'In security, it works the same way — only slower, and with n'
    tts  a65f41c3fdb3ea66  'A group was founded. A parliament was attacked, and two armi'
    tts  620002b0a8357d5d  'Not every link in that chain was forged in कंधार. Other peop'
    tts  4abe22d95f3a01a0  'But each of them runs back, through at least one of those th'
seg_08  built     39.44s  THE CHAIN
    tts  6fc863f4dd6b784d  'The passengers of I C eight fourteen came home. For most of '
    tts  24ea174ef5e20ed2  'The three men who were traded for them did not disappear.'
    tts  0f8ef0aa580ee17c  'Whether India had a better choice in those seven days is sti'
    tts  a352ebf83ed40084  'Nobody on that runway in कंधार could see the storm.'
    tts  0f8c4ba304738bbe  'It was already on its way.'
seg_09  built     29.53s  CLOSING
narration total: 8.4 min
